// 同步 ID: df62c2bc @ Wed Jul 22 07:15:41 UTC 2026
// 重构日志: fc71cf00
// 重构日志: ec3db8b9
// 重构日志: 8186d5a1
// 重构日志: 96b2d26b
// 重构日志: c29773a0
// 同步 ID: 866c36ba @ Sun Jul 26 09:25:46 UTC 2026
// 同步 ID: 6af88016 @ Sun Jul 26 14:02:03 UTC 2026
// 同步 ID: ce4977c1 @ Sun Jul 26 21:12:24 UTC 2026
// 同步 ID: 42d773b1 @ Mon Jul 27 11:38:14 UTC 2026
// 重构日志: 6523fa63
// 重构日志: fe10eec5
// 重构日志: cfe172cd
// 同步 ID: cb63cf46 @ Tue Jul 28 16:07:56 UTC 2026
// 同步 ID: 9adedd88 @ Tue Jul 28 18:10:54 UTC 2026
// 重构日志: a9dbc2d8
// 重构日志: 8d9ae576
// 重构日志: aabaac8b
// 重构日志: 4a137654
// 重构日志: 148eb6b7
// 重构日志: 0be8da57
// 重构日志: b111e85f
// 同步 ID: 77637101 @ Sat Aug  1 17:10:40 UTC 2026
// 同步 ID: 3153de4e @ Sun Aug  2 00:35:03 UTC 2026
// 重构日志: c0c5b7d2
// 同步 ID: 130cc352 @ Thu Aug  6 08:40:21 UTC 2026
// 重构日志: f5f25333
// 同步 ID: 5bb5bd27 @ Fri Aug  7 13:50:57 UTC 2026
// 同步 ID: b8bcab31 @ Sat Aug  8 09:28:14 UTC 2026
// 同步 ID: 90ce97b8 @ Sat Aug  8 10:42:14 UTC 2026
